C.......
.A......
..A.....
...M....
....E...
.....R..
......O.
.......N
