Invalid number of argument on first line of file for canvas size. Must be two numbers seperated by space
