Invalid number of arguments for one of the commands. Must be 5 arguments seperated by space
